// Jest Snapshot v1, https://goo.gl/fbAQLP

exports[`betterer should not stay worse if an update is forced 1`] = `
"// BETTERER RESULTS V2.
exports[\`tsquery no raw console.log\`] = {
  value: \`{
    \\"src/index.ts:315583663\\": [
      [0, 0, 11, \\"TSQuery match\\", \\"3870399096\\"],
      [1, 0, 11, \\"TSQuery match\\", \\"3870399096\\"]
    ]
  }\`
};
"
`;

exports[`betterer should not stay worse if an update is forced 2`] = `
Array [
  "
1 test got checked. 🤔
1 test got checked for the first time! 🎉

",
  "
   / | /     _         _   _                     
 '-.ooo.-'  | |__  ___| |_| |_ ___ _ __ ___ _ __ 
---ooooo--- | '_ // _ / __| __/ _ / '__/ _ / '__|
 .-'ooo'-.  | |_)|  __/ |_| ||  __/ | |  __/ |   
   / | /    |_.__//___|/__|/__/___|_|  /___|_|   
 

",
  "
   / | /     _         _   _                     
 '-.ooo.-'  | |__  ___| |_| |_ ___ _ __ ___ _ __ 
---ooooo--- | '_ // _ / __| __/ _ / '__/ _ / '__|
 .-'ooo'-.  | |_)|  __/ |_| ||  __/ | |  __/ |   
   / | /    |_.__//___|/__|/__/___|_|  /___|_|   
 
🎉 Betterer: 1 test done!
✅ tsquery no raw console.log: \\"tsquery no raw console.log\\" got force updated. 🆙
  ▸ 1 existing issue in \\"<project>/fixtures/test-betterer-update/src/index.ts\\".
  ▸ 1 new issue in \\"<project>/fixtures/test-betterer-update/src/index.ts\\":
  ▸ TSQuery match
  ▸   1 | console.log('foo');
  ▸ > 2 | console.log('foo');
  ▸     | ^^^^^^^^^^^

",
  "
1 test got checked. 🤔
1 test got force updated. 🆙

",
  "
   / | /     _         _   _                     
 '-.ooo.-'  | |__  ___| |_| |_ ___ _ __ ___ _ __ 
---ooooo--- | '_ // _ / __| __/ _ / '__/ _ / '__|
 .-'ooo'-.  | |_)|  __/ |_| ||  __/ | |  __/ |   
   / | /    |_.__//___|/__|/__/___|_|  /___|_|   
 
🎉 Betterer: 1 test done!
✅ tsquery no raw console.log: \\"tsquery no raw console.log\\" stayed the same. 😐

",
  "
1 test got checked. 🤔
1 test stayed the same. 😐

",
]
`;

exports[`betterer should work when a test gets worse 1`] = `
Array [
  "
   / | /     _         _   _                     
 '-.ooo.-'  | |__  ___| |_| |_ ___ _ __ ___ _ __ 
---ooooo--- | '_ // _ / __| __/ _ / '__/ _ / '__|
 .-'ooo'-.  | |_)|  __/ |_| ||  __/ | |  __/ |   
   / | /    |_.__//___|/__|/__/___|_|  /___|_|   
 

",
  "",
  "
   / | /     _         _   _                     
 '-.ooo.-'  | |__  ___| |_| |_ ___ _ __ ___ _ __ 
---ooooo--- | '_ // _ / __| __/ _ / '__/ _ / '__|
 .-'ooo'-.  | |_)|  __/ |_| ||  __/ | |  __/ |   
   / | /    |_.__//___|/__|/__/___|_|  /___|_|   
 

",
  "
2 tests got checked. 🤔
2 tests got checked for the first time! 🎉

",
  "
   / | /     _         _   _                     
 '-.ooo.-'  | |__  ___| |_| |_ ___ _ __ ___ _ __ 
---ooooo--- | '_ // _ / __| __/ _ / '__/ _ / '__|
 .-'ooo'-.  | |_)|  __/ |_| ||  __/ | |  __/ |   
   / | /    |_.__//___|/__|/__/___|_|  /___|_|   
 

",
  "
   / | /     _         _   _                     
 '-.ooo.-'  | |__  ___| |_| |_ ___ _ __ ___ _ __ 
---ooooo--- | '_ // _ / __| __/ _ / '__/ _ / '__|
 .-'ooo'-.  | |_)|  __/ |_| ||  __/ | |  __/ |   
   / | /    |_.__//___|/__|/__/___|_|  /___|_|   
 
💥 Betterer: 2 tests errored!
🔥 should shrink: \\"should shrink\\" got worse. 😔
  ▸ - Expected
  ▸ + Result
  ▸
  ▸ - 0
  ▸ + 1
🔥 should grow: \\"should grow\\" got worse. 😔
  ▸ - Expected
  ▸ + Result
  ▸
  ▸ - 2
  ▸ + 1

",
  "
2 tests got checked. 🤔
2 tests got worse. 😔
Run \`betterer --update\` to force an update of the results file. 🆙

",
]
`;

exports[`betterer should work when a test gets worse 2`] = `
"// BETTERER RESULTS V2.
exports[\`should shrink\`] = {
  value: \`0\`
};

exports[\`should grow\`] = {
  value: \`2\`
};
"
`;
